// Jest Snapshot v1, https://goo.gl/fbAQLP

exports[`Lib:: makeElementTrees make a good tree 1`] = `
Array [
  Object {
    "children": Array [
      Object {
        "children": Array [
          Object {
            "children": Array [],
            "id": "62cba8b78eb6823f125696a6",
            "props": undefined,
            "type": "a",
          },
        ],
        "id": "62cba8b78eb6823f125696a3",
        "props": undefined,
        "type": "a",
      },
    ],
    "id": "62cba8b78eb6823f125696a4",
    "props": undefined,
    "type": "a",
  },
  Object {
    "children": Array [],
    "id": "62cba8b78eb6823f125696a5",
    "props": undefined,
    "type": "a",
  },
]
`;
